// Jest Snapshot v1, https://goo.gl/fbAQLP

exports[`RegisterBox should render correctly 1`] = `
ShallowWrapper {
  Symbol(enzyme.__root__): [Circular],
  Symbol(enzyme.__unrendered__): <RegisterBox />,
  Symbol(enzyme.__renderer__): Object {
    "batchedUpdates": [Function],
    "getNode": [Function],
    "render": [Function],
    "simulateError": [Function],
    "simulateEvent": [Function],
    "unmount": [Function],
  },
  Symbol(enzyme.__node__): Object {
    "instance": null,
    "key": undefined,
    "nodeType": "host",
    "props": Object {
      "children": <form
        className="add-box-form"
        onSubmit={[Function]}
>
        <label
                className="block__elem add-box-form__label"
        >
                Name
        </label>
        <input
                className="block__elem add-box-form__text hover-text"
                name="nameField"
                onChange={[Function]}
                type="text"
                value=""
        />
        <label
                className="block__elem add-box-form__label"
        >
                Weight
        </label>
        <input
                className="block__elem add-box-form__text hover-text"
                name="weightField"
                onChange={[Function]}
                type="text"
                value={0}
        />
        <label
                className="block__elem add-box-form__label"
        >
                Box Color
        </label>
        <input
                className="block__elem add-box-form__color hover-pointer"
                name="colorField"
                onChange={[Function]}
                type="color"
                value="#ffff00"
        />
        <label
                className="block__elem add-box-form__label"
        >
                Destination Country
        </label>
        <select
                className="block__elem add-box-form__dropdown hover-pointer"
                name="destinationField"
                onChange={[Function]}
                value="sweden"
        >
                <option
                        className=""
                        value="sweden"
                >
                        Sweden
                </option>
                <option
                        className=""
                        value="china"
                >
                        China
                </option>
                <option
                        className=""
                        value="brazil"
                >
                        Brazil
                </option>
                <option
                        className=""
                        value="australia"
                >
                        Australia
                </option>
        </select>
        <input
                className="block__elem add-box-form__submit hover-pointer"
                disabled={true}
                type="submit"
                value="SAVE"
        />
</form>,
      "className": "block",
    },
    "ref": null,
    "rendered": Object {
      "instance": null,
      "key": undefined,
      "nodeType": "host",
      "props": Object {
        "children": Array [
          <label
            className="block__elem add-box-form__label"
>
            Name
</label>,
          <input
            className="block__elem add-box-form__text hover-text"
            name="nameField"
            onChange={[Function]}
            type="text"
            value=""
/>,
          <label
            className="block__elem add-box-form__label"
>
            Weight
</label>,
          <input
            className="block__elem add-box-form__text hover-text"
            name="weightField"
            onChange={[Function]}
            type="text"
            value={0}
/>,
          <label
            className="block__elem add-box-form__label"
>
            Box Color
</label>,
          <input
            className="block__elem add-box-form__color hover-pointer"
            name="colorField"
            onChange={[Function]}
            type="color"
            value="#ffff00"
/>,
          <label
            className="block__elem add-box-form__label"
>
            Destination Country
</label>,
          <select
            className="block__elem add-box-form__dropdown hover-pointer"
            name="destinationField"
            onChange={[Function]}
            value="sweden"
>
            <option
                        className=""
                        value="sweden"
            >
                        Sweden
            </option>
            <option
                        className=""
                        value="china"
            >
                        China
            </option>
            <option
                        className=""
                        value="brazil"
            >
                        Brazil
            </option>
            <option
                        className=""
                        value="australia"
            >
                        Australia
            </option>
</select>,
          <input
            className="block__elem add-box-form__submit hover-pointer"
            disabled={true}
            type="submit"
            value="SAVE"
/>,
        ],
        "className": "add-box-form",
        "onSubmit": [Function],
      },
      "ref": null,
      "rendered": Array [
        Object {
          "instance": null,
          "key": undefined,
          "nodeType": "host",
          "props": Object {
            "children": "Name",
            "className": "block__elem add-box-form__label",
          },
          "ref": null,
          "rendered": "Name",
          "type": "label",
        },
        Object {
          "instance": null,
          "key": undefined,
          "nodeType": "host",
          "props": Object {
            "className": "block__elem add-box-form__text hover-text",
            "name": "nameField",
            "onChange": [Function],
            "type": "text",
            "value": "",
          },
          "ref": null,
          "rendered": null,
          "type": "input",
        },
        Object {
          "instance": null,
          "key": undefined,
          "nodeType": "host",
          "props": Object {
            "children": "Weight",
            "className": "block__elem add-box-form__label",
          },
          "ref": null,
          "rendered": "Weight",
          "type": "label",
        },
        Object {
          "instance": null,
          "key": undefined,
          "nodeType": "host",
          "props": Object {
            "className": "block__elem add-box-form__text hover-text",
            "name": "weightField",
            "onChange": [Function],
            "type": "text",
            "value": 0,
          },
          "ref": null,
          "rendered": null,
          "type": "input",
        },
        Object {
          "instance": null,
          "key": undefined,
          "nodeType": "host",
          "props": Object {
            "children": "Box Color",
            "className": "block__elem add-box-form__label",
          },
          "ref": null,
          "rendered": "Box Color",
          "type": "label",
        },
        Object {
          "instance": null,
          "key": undefined,
          "nodeType": "host",
          "props": Object {
            "className": "block__elem add-box-form__color hover-pointer",
            "name": "colorField",
            "onChange": [Function],
            "type": "color",
            "value": "#ffff00",
          },
          "ref": null,
          "rendered": null,
          "type": "input",
        },
        Object {
          "instance": null,
          "key": undefined,
          "nodeType": "host",
          "props": Object {
            "children": "Destination Country",
            "className": "block__elem add-box-form__label",
          },
          "ref": null,
          "rendered": "Destination Country",
          "type": "label",
        },
        Object {
          "instance": null,
          "key": undefined,
          "nodeType": "host",
          "props": Object {
            "children": Array [
              <option
                className=""
                value="sweden"
>
                Sweden
</option>,
              <option
                className=""
                value="china"
>
                China
</option>,
              <option
                className=""
                value="brazil"
>
                Brazil
</option>,
              <option
                className=""
                value="australia"
>
                Australia
</option>,
            ],
            "className": "block__elem add-box-form__dropdown hover-pointer",
            "name": "destinationField",
            "onChange": [Function],
            "value": "sweden",
          },
          "ref": null,
          "rendered": Array [
            Object {
              "instance": null,
              "key": "sweden",
              "nodeType": "host",
              "props": Object {
                "children": "Sweden",
                "className": "",
                "value": "sweden",
              },
              "ref": null,
              "rendered": "Sweden",
              "type": "option",
            },
            Object {
              "instance": null,
              "key": "china",
              "nodeType": "host",
              "props": Object {
                "children": "China",
                "className": "",
                "value": "china",
              },
              "ref": null,
              "rendered": "China",
              "type": "option",
            },
            Object {
              "instance": null,
              "key": "brazil",
              "nodeType": "host",
              "props": Object {
                "children": "Brazil",
                "className": "",
                "value": "brazil",
              },
              "ref": null,
              "rendered": "Brazil",
              "type": "option",
            },
            Object {
              "instance": null,
              "key": "australia",
              "nodeType": "host",
              "props": Object {
                "children": "Australia",
                "className": "",
                "value": "australia",
              },
              "ref": null,
              "rendered": "Australia",
              "type": "option",
            },
          ],
          "type": "select",
        },
        Object {
          "instance": null,
          "key": undefined,
          "nodeType": "host",
          "props": Object {
            "className": "block__elem add-box-form__submit hover-pointer",
            "disabled": true,
            "type": "submit",
            "value": "SAVE",
          },
          "ref": null,
          "rendered": null,
          "type": "input",
        },
      ],
      "type": "form",
    },
    "type": "div",
  },
  Symbol(enzyme.__nodes__): Array [
    Object {
      "instance": null,
      "key": undefined,
      "nodeType": "host",
      "props": Object {
        "children": <form
          className="add-box-form"
          onSubmit={[Function]}
>
          <label
                    className="block__elem add-box-form__label"
          >
                    Name
          </label>
          <input
                    className="block__elem add-box-form__text hover-text"
                    name="nameField"
                    onChange={[Function]}
                    type="text"
                    value=""
          />
          <label
                    className="block__elem add-box-form__label"
          >
                    Weight
          </label>
          <input
                    className="block__elem add-box-form__text hover-text"
                    name="weightField"
                    onChange={[Function]}
                    type="text"
                    value={0}
          />
          <label
                    className="block__elem add-box-form__label"
          >
                    Box Color
          </label>
          <input
                    className="block__elem add-box-form__color hover-pointer"
                    name="colorField"
                    onChange={[Function]}
                    type="color"
                    value="#ffff00"
          />
          <label
                    className="block__elem add-box-form__label"
          >
                    Destination Country
          </label>
          <select
                    className="block__elem add-box-form__dropdown hover-pointer"
                    name="destinationField"
                    onChange={[Function]}
                    value="sweden"
          >
                    <option
                              className=""
                              value="sweden"
                    >
                              Sweden
                    </option>
                    <option
                              className=""
                              value="china"
                    >
                              China
                    </option>
                    <option
                              className=""
                              value="brazil"
                    >
                              Brazil
                    </option>
                    <option
                              className=""
                              value="australia"
                    >
                              Australia
                    </option>
          </select>
          <input
                    className="block__elem add-box-form__submit hover-pointer"
                    disabled={true}
                    type="submit"
                    value="SAVE"
          />
</form>,
        "className": "block",
      },
      "ref": null,
      "rendered": Object {
        "instance": null,
        "key": undefined,
        "nodeType": "host",
        "props": Object {
          "children": Array [
            <label
              className="block__elem add-box-form__label"
>
              Name
</label>,
            <input
              className="block__elem add-box-form__text hover-text"
              name="nameField"
              onChange={[Function]}
              type="text"
              value=""
/>,
            <label
              className="block__elem add-box-form__label"
>
              Weight
</label>,
            <input
              className="block__elem add-box-form__text hover-text"
              name="weightField"
              onChange={[Function]}
              type="text"
              value={0}
/>,
            <label
              className="block__elem add-box-form__label"
>
              Box Color
</label>,
            <input
              className="block__elem add-box-form__color hover-pointer"
              name="colorField"
              onChange={[Function]}
              type="color"
              value="#ffff00"
/>,
            <label
              className="block__elem add-box-form__label"
>
              Destination Country
</label>,
            <select
              className="block__elem add-box-form__dropdown hover-pointer"
              name="destinationField"
              onChange={[Function]}
              value="sweden"
>
              <option
                            className=""
                            value="sweden"
              >
                            Sweden
              </option>
              <option
                            className=""
                            value="china"
              >
                            China
              </option>
              <option
                            className=""
                            value="brazil"
              >
                            Brazil
              </option>
              <option
                            className=""
                            value="australia"
              >
                            Australia
              </option>
</select>,
            <input
              className="block__elem add-box-form__submit hover-pointer"
              disabled={true}
              type="submit"
              value="SAVE"
/>,
          ],
          "className": "add-box-form",
          "onSubmit": [Function],
        },
        "ref": null,
        "rendered": Array [
          Object {
            "instance": null,
            "key": undefined,
            "nodeType": "host",
            "props": Object {
              "children": "Name",
              "className": "block__elem add-box-form__label",
            },
            "ref": null,
            "rendered": "Name",
            "type": "label",
          },
          Object {
            "instance": null,
            "key": undefined,
            "nodeType": "host",
            "props": Object {
              "className": "block__elem add-box-form__text hover-text",
              "name": "nameField",
              "onChange": [Function],
              "type": "text",
              "value": "",
            },
            "ref": null,
            "rendered": null,
            "type": "input",
          },
          Object {
            "instance": null,
            "key": undefined,
            "nodeType": "host",
            "props": Object {
              "children": "Weight",
              "className": "block__elem add-box-form__label",
            },
            "ref": null,
            "rendered": "Weight",
            "type": "label",
          },
          Object {
            "instance": null,
            "key": undefined,
            "nodeType": "host",
            "props": Object {
              "className": "block__elem add-box-form__text hover-text",
              "name": "weightField",
              "onChange": [Function],
              "type": "text",
              "value": 0,
            },
            "ref": null,
            "rendered": null,
            "type": "input",
          },
          Object {
            "instance": null,
            "key": undefined,
            "nodeType": "host",
            "props": Object {
              "children": "Box Color",
              "className": "block__elem add-box-form__label",
            },
            "ref": null,
            "rendered": "Box Color",
            "type": "label",
          },
          Object {
            "instance": null,
            "key": undefined,
            "nodeType": "host",
            "props": Object {
              "className": "block__elem add-box-form__color hover-pointer",
              "name": "colorField",
              "onChange": [Function],
              "type": "color",
              "value": "#ffff00",
            },
            "ref": null,
            "rendered": null,
            "type": "input",
          },
          Object {
            "instance": null,
            "key": undefined,
            "nodeType": "host",
            "props": Object {
              "children": "Destination Country",
              "className": "block__elem add-box-form__label",
            },
            "ref": null,
            "rendered": "Destination Country",
            "type": "label",
          },
          Object {
            "instance": null,
            "key": undefined,
            "nodeType": "host",
            "props": Object {
              "children": Array [
                <option
                  className=""
                  value="sweden"
>
                  Sweden
</option>,
                <option
                  className=""
                  value="china"
>
                  China
</option>,
                <option
                  className=""
                  value="brazil"
>
                  Brazil
</option>,
                <option
                  className=""
                  value="australia"
>
                  Australia
</option>,
              ],
              "className": "block__elem add-box-form__dropdown hover-pointer",
              "name": "destinationField",
              "onChange": [Function],
              "value": "sweden",
            },
            "ref": null,
            "rendered": Array [
              Object {
                "instance": null,
                "key": "sweden",
                "nodeType": "host",
                "props": Object {
                  "children": "Sweden",
                  "className": "",
                  "value": "sweden",
                },
                "ref": null,
                "rendered": "Sweden",
                "type": "option",
              },
              Object {
                "instance": null,
                "key": "china",
                "nodeType": "host",
                "props": Object {
                  "children": "China",
                  "className": "",
                  "value": "china",
                },
                "ref": null,
                "rendered": "China",
                "type": "option",
              },
              Object {
                "instance": null,
                "key": "brazil",
                "nodeType": "host",
                "props": Object {
                  "children": "Brazil",
                  "className": "",
                  "value": "brazil",
                },
                "ref": null,
                "rendered": "Brazil",
                "type": "option",
              },
              Object {
                "instance": null,
                "key": "australia",
                "nodeType": "host",
                "props": Object {
                  "children": "Australia",
                  "className": "",
                  "value": "australia",
                },
                "ref": null,
                "rendered": "Australia",
                "type": "option",
              },
            ],
            "type": "select",
          },
          Object {
            "instance": null,
            "key": undefined,
            "nodeType": "host",
            "props": Object {
              "className": "block__elem add-box-form__submit hover-pointer",
              "disabled": true,
              "type": "submit",
              "value": "SAVE",
            },
            "ref": null,
            "rendered": null,
            "type": "input",
          },
        ],
        "type": "form",
      },
      "type": "div",
    },
  ],
  Symbol(enzyme.__options__): Object {
    "adapter": ReactSixteenAdapter {
      "options": Object {
        "enableComponentDidUpdateOnSetState": true,
        "lifecycles": Object {
          "componentDidUpdate": Object {
            "onSetState": true,
          },
          "getDerivedStateFromProps": true,
          "getSnapshotBeforeUpdate": true,
          "setState": Object {
            "skipsComponentDidUpdateOnNullish": true,
          },
        },
      },
    },
    "attachTo": undefined,
    "hydrateIn": undefined,
  },
}
`;
